test.genes.cadd1.bed.gz	test.genes.exac.anno.bed.gz	test.transcript.txt
start
tabix  test.genes.exac.anno.bed.gz  -H
tabix test.genes.cadd1.bed.gz  17:59543170-59543309 17:59544861-59545028 17:59534888-59535002 17:59555978-59556150 17:59557232-59557340 17:59557441-59557690 17:59533842-59534047 17:59560251-59560887 
GeneSummary: 145	5013	60706
start
tabix  test.genes.exac.anno.bed.gz  -H
tabix test.genes.cadd1.bed.gz  2:203242188-203242283 2:203329522-203329712 2:203332232-203332422 2:203378432-203378562 2:203379601-203379712 2:203383535-203383785 2:203384800-203384934 2:203395507-203395687 2:203397298-203397465 2:203407024-203407180 2:203417429-203417621 2:203419965-203421264 2:203424409-203424679 
GeneSummary: 277	9495	60706
start
tabix  test.genes.exac.anno.bed.gz  -H
tabix test.genes.cadd1.bed.gz  2:25470896-25471131 2:25470450-25470628 2:25469910-25470037 2:25469479-25469655 2:25469019-25469188 2:25468879-25468943 2:25468112-25468211 2:25467399-25467531 2:25467014-25467217 2:25466757-25466861 2:25464421-25464586 2:25463499-25463609 2:25463161-25463329 2:25461989-25462094 2:25459795-25459884 2:25458566-25458704 2:25457138-25457299 2:25536772-25536863 2:25522998-25523122 2:25505300-25505590 2:25498359-25498422 2:25497800-25497966 
GeneSummary: 474	8493	60706
start
tabix  test.genes.exac.anno.bed.gz  -H
tabix test.genes.cadd1.bed.gz  2:25475053-25475076 2:25472516-25472603 2:25470896-25471131 2:25470450-25470628 2:25469910-25470037 2:25469479-25469655 2:25469019-25469188 2:25468879-25468943 2:25468112-25468211 2:25467399-25467531 2:25467014-25467217 2:25466757-25466861 2:25464421-25464586 2:25463499-25463609 2:25463161-25463329 2:25461989-25462094 2:25459795-25459884 2:25458566-25458704 2:25457138-25457299 
GeneSummary: 408	6732	60706
start
tabix  test.genes.exac.anno.bed.gz  -H
tabix test.genes.cadd1.bed.gz  2:25536772-25536863 2:25522998-25523122 2:25505247-25505590 
GeneSummary: 69	1527	60706
start
tabix  test.genes.exac.anno.bed.gz  -H
tabix test.genes.cadd1.bed.gz  4:106155090-106158607 
GeneSummary: 938	10524	60706
start
tabix  test.genes.exac.anno.bed.gz  -H
tabix test.genes.cadd1.bed.gz  4:106162486-106162596 4:106163981-106164094 4:106164717-106164945 4:106180766-106180936 4:106182906-106183015 4:106190757-106190914 4:106193711-106194085 4:106155090-106158518 4:106196195-106197686 
GeneSummary: 1066	18180	60706
start
tabix  test.genes.exac.anno.bed.gz  -H
tabix test.genes.cadd1.bed.gz  8:11607610-11607755 8:11612545-11612652 8:11614434-11614602 8:11565812-11566447 8:11606418-11606604 8:11615792-11615994 
GeneSummary: 116	4056	60706
